// Jest Snapshot v1, https://goo.gl/fbAQLP

exports[`Login tests Login snapshot test 1`] = `
Array [
  <div
    className="base-container"
  >
    <form
      onSubmit={[Function]}
    >
      <span
        className="formInput other-error"
        style={
          Object {
            "opacity": 0,
          }
        }
      >
        SOMETHING
      </span>
      <div
        className="formInput"
      >
        <input
          data-focused="false"
          name="userName"
          onBlur={[Function]}
          onChange={[Function]}
          onFocus={[Function]}
          placeholder="Username"
          required={true}
          type="text"
          value=""
        />
        <span
          className="formInput error"
        >
          Username or password is incorrect
        </span>
      </div>
      <div
        className="formInput"
      >
        <input
          data-focused="false"
          name="password"
          onBlur={[Function]}
          onChange={[Function]}
          onFocus={[Function]}
          placeholder="Password"
          required={true}
          type="password"
          value=""
        />
        <span
          className="formInput error"
        >
          Username or password is incorrect
        </span>
      </div>
      <button>
        Login
      </button>
    </form>
  </div>,
  " ",
]
`;
